
============================================================
  Multi-API Benchmark — Slack Reset
  Mode: LIVE RESET
============================================================
  [config] Loaded persona cast from users.local.json
  Loaded state ← /Users/pratima/Documents/Projects/hintas-project/benchmarking/experiments/multi_api/scripts/workspace_state_slack_hintas.json

============================================================
  1. Resetting channel memberships
============================================================
  [WARN] #general invite failed: conversations.invite failed: user_not_found — {'ok': False, 'error': 'user_not_found', 'errors': [{'user': 'U09EMBER', 'ok': False, 'error': 'user_not_found'}]}
  [WARN] #announcements invite failed: conversations.invite failed: user_not_found — {'ok': False, 'error': 'user_not_found', 'errors': [{'user': 'U09EMBER', 'ok': False, 'error': 'user_not_found'}]}
  [WARN] #support invite failed: conversations.invite failed: user_not_found — {'ok': False, 'error': 'user_not_found', 'errors': [{'user': 'U09EMBER', 'ok': False, 'error': 'user_not_found'}]}
  [WARN] #incidents invite failed: conversations.invite failed: user_not_found — {'ok': False, 'error': 'user_not_found', 'errors': [{'user': 'U09EMBER', 'ok': False, 'error': 'user_not_found'}]}

============================================================
  2. Removing agent's prompt-created messages
============================================================

============================================================
  3. Resetting reactions
============================================================

============================================================
  4. Archive sweep — non-seed channels
============================================================
  [OK ] #all-hintas-bench2 matches ignore pattern — skipping
  [OK ] No non-seed channels found — workspace clean ✓

============================================================
  5. Resetting scheduled messages
============================================================

============================================================
  RESET COMPLETE
  ⚠️  Manual/seed-only items:
     - Seeded message ts values (posted at real wall-clock time)
============================================================

