
============================================================
  Hintas Multi-API Benchmark — Notion Reset
  Mode: LIVE RESET
============================================================
  Loaded state ← /Users/pratima/Documents/Projects/hintas-project/benchmarking/experiments/multi_api/scripts/workspace_state_notion_hintas.json

============================================================
  1. Restoring seeded pages
============================================================
  [OK ] P_ROOT: clean
  [OK ] PG_RELEASE_NOTES: clean
  [OK ] PG_ALLHANDS: clean
  [OK ] PG_WEEKLY: clean
  [OK ] PG_Q2_ROADMAP: clean
  [OK ] PG_INCIDENTS: clean
  [OK ] PG_LEAD_JARED: clean
  [OK ] PG_LEAD_PINKMAN: clean
  [OK ] PG_LEAD_LAGOON: clean
  [OK ] P_ROOT: archived extra child page 3504da5e-14d2-8165-933f-e32a57fb2d5f
  [OK ] P_ROOT: archived extra child page 3504da5e-14d2-8119-97aa-cffb2a388186
  [OK ] P_ROOT: archived extra child page 3504da5e-14d2-8131-9d95-cc7f48466881
  [OK ] P_ROOT: archived extra child page 3504da5e-14d2-81f0-bbfc-e520ec320d74
  [OK ] PG_INCIDENTS: no extra child pages

============================================================
  2. Resetting DB_PEOPLE rows
============================================================
  [OK ] PEOPLE_U09EMBER: restored
  [OK ] PEOPLE_U08TOMAS: restored
  [OK ] PEOPLE_U07RHEA: restored
  [OK ] PEOPLE_U06DEVON: restored
  [OK ] PEOPLE_U04LAGOON: restored
  [OK ] PEOPLE_U03PINKMAN: restored
  [OK ] PEOPLE_U02JARED: restored
  [OK ] PEOPLE_U01MIRANDA: restored
  [OK ] DB_PEOPLE: no extra rows to archive

============================================================
  2. Resetting DB_PROJECTS rows
============================================================
  [OK ] TASK_DEVON1: restored
  [OK ] TASK_PINK_DONE: restored
  [OK ] TASK_LAGOON1: restored
  [OK ] TASK_JARED2: restored
  [OK ] TASK_JARED1: restored
  [OK ] PROJ_PRICING: restored
  [OK ] DB_PROJECTS: no extra rows to archive

============================================================
  2. Resetting DB_ONBOARDING rows
============================================================
  [OK ] ONB_PRIYA: restored
  [OK ] DB_ONBOARDING: no extra rows to archive

============================================================
  3. Archiving prompt-appended blocks
============================================================
  [OK ] PG_RELEASE_NOTES: no extra blocks
  [OK ] PG_WEEKLY: no extra blocks
  [OK ] PG_ALLHANDS: no extra blocks
  [OK ] PG_LEAD_JARED: no extra blocks
  [OK ] PG_LEAD_PINKMAN: no extra blocks
  [OK ] PG_LEAD_LAGOON: no extra blocks

============================================================
  RESET COMPLETE
  Note: comments cannot be deleted via the Notion API, and rich-text
  edits to seeded blocks are NOT reverted. Re-run seed_notion.py to
  fully rebuild after destructive prompts.
============================================================

