  [ERR ] No page titled 'Hintas Multi-API' is shared to this integration.
  [ERR ] Manual step: share a page titled 'Hintas Multi-API' with the integration, or set NOTION_PARENT_PAGE_ID / pass --parent-page-id, then rerun.

============================================================
  Hintas Multi-API Benchmark — Notion Seeder
  Mode: LIVE SEED
  benchmark_now: 2026-04-19T10:00:00-07:00
============================================================

============================================================
  0. Verifying auth
============================================================
  Authenticated as bot: Hintas Agent (350e5182-51f8-8170-89e5-0027891f5765)
  Workspace: 'Notion-side'

============================================================
  1. Resolving users
============================================================
  [config] Loaded persona cast from users.json
  [OK ] U10AGENT → 350e5182-51f8-8170-89e5-0027891f5765  (this integration's bot user)
  [OK ] U05CLAUDE → 350e5182-51f8-8170-89e5-0027891f5765  (agent falls back to bot user)
  [WARN] Expected member U09EMBER (ember@hintas.co) not found in /users — people props referencing it will be created with no assignee.
  [WARN] Expected member U06DEVON (devon@hintas.co) not found in /users — people props referencing it will be created with no assignee.
  [WARN] Expected member U08TOMAS (tomas@hintas.co) not found in /users — people props referencing it will be created with no assignee.
  [WARN] Expected member U03PINKMAN (pinkman@hintas.co) not found in /users — people props referencing it will be created with no assignee.
  [WARN] Expected member U02JARED (jared@hintas.co) not found in /users — people props referencing it will be created with no assignee.
  [WARN] Expected member U07RHEA (rhea@hintas.co) not found in /users — people props referencing it will be created with no assignee.
  [WARN] Expected member U01MIRANDA (miranda@hintas.co) not found in /users — people props referencing it will be created with no assignee.
  [WARN] Expected member U04LAGOON (lagoon@hintas.co) not found in /users — people props referencing it will be created with no assignee.

============================================================
  2. Locating the root page
============================================================
